// FooType represents the Postgres composite type "foo_type".
type FooType struct {
	Alpha pgtype.Text `json:"alpha"`
}

// SomeTableNested represents the Postgres composite type "some_table_nested".
type SomeTableNested struct {
	Foo    FooType     `json:"foo"`
	BarBaz pgtype.Text `json:"bar_baz"`
}

// typeResolver looks up the pgtype.ValueTranscoder by Postgres type name.
type typeResolver struct {
	connInfo *pgtype.ConnInfo // types by Postgres type name
}

func newTypeResolver() *typeResolver {
	ci := pgtype.NewConnInfo()
	return &typeResolver{connInfo: ci}
}

// findValue find the OID, and pgtype.ValueTranscoder for a Postgres type name.
func (tr *typeResolver) findValue(name string) (uint32, pgtype.ValueTranscoder, bool) {
	typ, ok := tr.connInfo.DataTypeForName(name)
	if !ok {
		return 0, nil, false
	}
	v := pgtype.NewValue(typ.Value)
	return typ.OID, v.(pgtype.ValueTranscoder), true
}

// setValue sets the value of a ValueTranscoder to a value that should always
// work and panics if it fails.
func (tr *typeResolver) setValue(vt pgtype.ValueTranscoder, val interface{}) pgtype.ValueTranscoder {
	if err := vt.Set(val); err != nil {
		panic(fmt.Sprintf("set ValueTranscoder %T to %+v: %s", vt, val, err))
	}
	return vt
}

type compositeField struct {
	name       string                 // name of the field
	typeName   string                 // Postgres type name
	defaultVal pgtype.ValueTranscoder // default value to use
}

func (tr *typeResolver) newCompositeValue(name string, fields ...compositeField) pgtype.ValueTranscoder {
	if _, val, ok := tr.findValue(name); ok {
		return val
	}
	fs := make([]pgtype.CompositeTypeField, len(fields))
	vals := make([]pgtype.ValueTranscoder, len(fields))
	isBinaryOk := true
	for i, field := range fields {
		oid, val, ok := tr.findValue(field.typeName)
		if !ok {
			oid = unknownOID
			val = field.defaultVal
		}
		isBinaryOk = isBinaryOk && oid != unknownOID
		fs[i] = pgtype.CompositeTypeField{Name: field.name, OID: oid}
		vals[i] = val
	}
	// Okay to ignore error because it's only thrown when the number of field
	// names does not equal the number of ValueTranscoders.
	typ, _ := pgtype.NewCompositeTypeValues(name, fs, vals)
	if !isBinaryOk {
		return textPreferrer{ValueTranscoder: typ, typeName: name}
	}
	return typ
}

func (tr *typeResolver) newArrayValue(name, elemName string, defaultVal func() pgtype.ValueTranscoder) pgtype.ValueTranscoder {
	if _, val, ok := tr.findValue(name); ok {
		return val
	}
	elemOID, elemVal, ok := tr.findValue(elemName)
	elemValFunc := func() pgtype.ValueTranscoder {
		return pgtype.NewValue(elemVal).(pgtype.ValueTranscoder)
	}
	if !ok {
		elemOID = unknownOID
		elemValFunc = defaultVal
	}
	typ := pgtype.NewArrayType(name, elemOID, elemValFunc)
	if elemOID == unknownOID {
		return textPreferrer{ValueTranscoder: typ, typeName: name}
	}
	return typ
}

// newFooType creates a new pgtype.ValueTranscoder for the Postgres
// composite type 'foo_type'.
func (tr *typeResolver) newFooType() pgtype.ValueTranscoder {
	return tr.newCompositeValue(
		"foo_type",
		compositeField{name: "alpha", typeName: "text", defaultVal: &pgtype.Text{}},
	)
}

// newFooTypeRaw returns all composite fields for the Postgres composite
// type 'foo_type' as a slice of interface{} to encode query parameters.
func (tr *typeResolver) newFooTypeRaw(v FooType) []interface{} {
	return []interface{}{
		v.Alpha,
	}
}

// newSomeTableNested creates a new pgtype.ValueTranscoder for the Postgres
// composite type 'some_table_nested'.
func (tr *typeResolver) newSomeTableNested() pgtype.ValueTranscoder {
	return tr.newCompositeValue(
		"some_table_nested",
		compositeField{name: "foo", typeName: "foo_type", defaultVal: tr.newFooType()},
		compositeField{name: "bar_baz", typeName: "text", defaultVal: &pgtype.Text{}},
	)
}

// newSomeTableNestedInit creates an initialized pgtype.ValueTranscoder for the
// Postgres composite type 'some_table_nested' to encode query parameters.
func (tr *typeResolver) newSomeTableNestedInit(v SomeTableNested) pgtype.ValueTranscoder {
	return tr.setValue(tr.newSomeTableNested(), tr.newSomeTableNestedRaw(v))
}

// newSomeTableNestedRaw returns all composite fields for the Postgres composite
// type 'some_table_nested' as a slice of interface{} to encode query parameters.
func (tr *typeResolver) newSomeTableNestedRaw(v SomeTableNested) []interface{} {
	return []interface{}{
		tr.newFooTypeRaw(v.Foo),
		v.BarBaz,
	}
}